00:00 +0: loading F:/AI Models/Projects/omni_bridge/test/features/auth/presentation/blocs/auth_bloc_test.dart
00:00 +0 -1: loading F:/AI Models/Projects/omni_bridge/test/features/auth/presentation/blocs/auth_bloc_test.dart [E]
  Failed to load "F:/AI Models/Projects/omni_bridge/test/features/auth/presentation/blocs/auth_bloc_test.dart":
  Compilation failed for testPath=F:/AI Models/Projects/omni_bridge/test/features/auth/presentation/blocs/auth_bloc_test.dart: test/features/auth/presentation/blocs/auth_bloc_test.dart:36:25: Error: A non-null value must be returned since the return type 'Either<Failure, User>' doesn't allow null.
   - 'Either' is from 'package:dartz/dartz.dart' ('/C:/Users/marsh/AppData/Local/Pub/Cache/hosted/pub.dev/dartz-0.10.1/lib/dartz.dart').
   - 'Failure' is from 'package:omni_bridge/core/error/failures.dart' ('lib/core/error/failures.dart').
   - 'User' is from 'package:firebase_auth/firebase_auth.dart' ('/C:/Users/marsh/AppData/Local/Pub/Cache/hosted/pub.dev/firebase_auth-6.2.0/lib/firebase_auth.dart').
              .thenAnswer((_) async {});
                          ^
  test/features/auth/presentation/blocs/auth_bloc_test.dart:80:25: Error: A non-null value must be returned since the return type 'Either<Failure, void>' doesn't allow null.
   - 'Either' is from 'package:dartz/dartz.dart' ('/C:/Users/marsh/AppData/Local/Pub/Cache/hosted/pub.dev/dartz-0.10.1/lib/dartz.dart').
   - 'Failure' is from 'package:omni_bridge/core/error/failures.dart' ('lib/core/error/failures.dart').
              .thenAnswer((_) async {});
                          ^
  .
00:00 +0 -1: Some tests failed.
